2022-01-08 16:57:51.231  INFO 1261 --- [restartedMain] c.e.d.WandaxinVehicleManageApplication   : Starting WandaxinVehicleManageApplication using Java 1.8.0_282 on MollydeMBP.ctc with PID 1261 (/Users/molly/IdeaProjects/wandaxin-vehicle-manage/target/classes started by molly in /Users/molly/IdeaProjects/wandaxin-vehicle-manage)
2022-01-08 16:57:51.241  INFO 1261 --- [restartedMain] c.e.d.WandaxinVehicleManageApplication   : The following profiles are active: dev
2022-01-08 16:57:51.577  INFO 1261 --- [restartedMain] .e.DevToolsPropertyDefaultsPostProcessor : Devtools property defaults active! Set 'spring.devtools.add-properties' to 'false' to disable
2022-01-08 16:57:51.578  INFO 1261 --- [restartedMain] .e.DevToolsPropertyDefaultsPostProcessor : For additional web related logging consider setting the 'logging.level.web' property to 'DEBUG'
2022-01-08 16:57:55.393  WARN 1261 --- [restartedMain] o.m.s.mapper.ClassPathMapperScanner      : No MyBatis mapper was found in '[com.example.demo.mapper]' package. Please check your configuration.
2022-01-08 16:57:55.425  WARN 1261 --- [restartedMain] o.m.s.mapper.ClassPathMapperScanner      : Skipping MapperFactoryBean with name 'mysqlVehicleRepository' and 'com.example.demo.repository.impl.MysqlVehicleRepository' mapperInterface. Bean already defined with the same name!
2022-01-08 16:57:58.038  INFO 1261 --- [restartedMain] o.s.b.w.embedded.tomcat.TomcatWebServer  : Tomcat initialized with port(s): 8081 (http)
2022-01-08 16:57:58.064  INFO 1261 --- [restartedMain] o.apache.catalina.core.StandardService   : Starting service [Tomcat]
2022-01-08 16:57:58.064  INFO 1261 --- [restartedMain] org.apache.catalina.core.StandardEngine  : Starting Servlet engine: [Apache Tomcat/9.0.41]
2022-01-08 16:57:58.222  INFO 1261 --- [restartedMain] o.a.c.c.C.[Tomcat].[localhost].[/]       : Initializing Spring embedded WebApplicationContext
2022-01-08 16:57:58.222  INFO 1261 --- [restartedMain] w.s.c.ServletWebServerApplicationContext : Root WebApplicationContext: initialization completed in 6643 ms
2022-01-08 16:58:01.182  INFO 1261 --- [restartedMain] com.example.demo.config.LogConfig        : ==========print log==========
2022-01-08 16:58:01.471  INFO 1261 --- [restartedMain] o.s.s.concurrent.ThreadPoolTaskExecutor  : Initializing ExecutorService 'applicationTaskExecutor'
2022-01-08 16:58:01.564  INFO 1261 --- [restartedMain] o.s.b.d.a.OptionalLiveReloadServer       : LiveReload server is running on port 35729
2022-01-08 16:58:02.115  INFO 1261 --- [restartedMain] o.s.b.w.embedded.tomcat.TomcatWebServer  : Tomcat started on port(s): 8081 (http) with context path ''
2022-01-08 16:58:02.803  INFO 1261 --- [restartedMain] c.e.d.WandaxinVehicleManageApplication   : Started WandaxinVehicleManageApplication in 13.122 seconds (JVM running for 15.295)
2022-01-08 16:58:08.041  INFO 1261 --- [http-nio-8081-exec-1] o.a.c.c.C.[Tomcat].[localhost].[/]       : Initializing Spring DispatcherServlet 'dispatcherServlet'
2022-01-08 16:58:08.042  INFO 1261 --- [http-nio-8081-exec-1] o.s.web.servlet.DispatcherServlet        : Initializing Servlet 'dispatcherServlet'
2022-01-08 16:58:08.044  INFO 1261 --- [http-nio-8081-exec-1] o.s.web.servlet.DispatcherServlet        : Completed initialization in 1 ms
2022-01-08 16:58:08.228  INFO 1261 --- [http-nio-8081-exec-2] com.zaxxer.hikari.HikariDataSource       : HikariPool-1 - Starting...
2022-01-08 16:58:08.572  INFO 1261 --- [http-nio-8081-exec-2] com.zaxxer.hikari.HikariDataSource       : HikariPool-1 - Start completed.
2022-01-08 17:28:27.668  INFO 1261 --- [http-nio-8081-exec-7] com.baidu.aip.client.BaseClient          : get access_token success. current state: STATE_AIP_AUTH_OK
2022-01-08 17:28:28.279  INFO 1261 --- [http-nio-8081-exec-7] com.baidu.aip.client.BaseClient          : get access_token success. current state: STATE_AIP_AUTH_OK
2022-01-08 17:30:19.128  INFO 1261 --- [http-nio-8081-exec-2] com.baidu.aip.client.BaseClient          : get access_token success. current state: STATE_AIP_AUTH_OK
2022-01-08 17:30:19.641  INFO 1261 --- [http-nio-8081-exec-2] com.baidu.aip.client.BaseClient          : get access_token success. current state: STATE_AIP_AUTH_OK
2022-01-08 17:31:41.614  INFO 1261 --- [http-nio-8081-exec-7] com.baidu.aip.client.BaseClient          : get access_token success. current state: STATE_AIP_AUTH_OK
2022-01-08 17:31:42.169  INFO 1261 --- [http-nio-8081-exec-7] com.baidu.aip.client.BaseClient          : get access_token success. current state: STATE_AIP_AUTH_OK
2022-01-08 17:34:52.051  INFO 1261 --- [http-nio-8081-exec-2] com.baidu.aip.client.BaseClient          : get access_token success. current state: STATE_AIP_AUTH_OK
2022-01-08 17:34:52.737  INFO 1261 --- [http-nio-8081-exec-2] com.baidu.aip.client.BaseClient          : get access_token success. current state: STATE_AIP_AUTH_OK
2022-01-08 17:35:10.717  INFO 1261 --- [http-nio-8081-exec-3] com.baidu.aip.client.BaseClient          : get access_token success. current state: STATE_AIP_AUTH_OK
2022-01-08 17:35:12.801  INFO 1261 --- [http-nio-8081-exec-3] com.baidu.aip.client.BaseClient          : get access_token success. current state: STATE_AIP_AUTH_OK
2022-01-08 17:38:25.146  INFO 1261 --- [http-nio-8081-exec-9] com.baidu.aip.client.BaseClient          : get access_token success. current state: STATE_AIP_AUTH_OK
2022-01-08 17:38:25.819  INFO 1261 --- [http-nio-8081-exec-9] com.baidu.aip.client.BaseClient          : get access_token success. current state: STATE_AIP_AUTH_OK
2022-01-08 17:38:50.937  INFO 1261 --- [http-nio-8081-exec-10] com.baidu.aip.client.BaseClient          : get access_token success. current state: STATE_AIP_AUTH_OK
2022-01-08 17:38:51.750  INFO 1261 --- [http-nio-8081-exec-10] com.baidu.aip.client.BaseClient          : get access_token success. current state: STATE_AIP_AUTH_OK
2022-01-08 17:39:16.010  INFO 1261 --- [http-nio-8081-exec-1] com.baidu.aip.client.BaseClient          : get access_token success. current state: STATE_AIP_AUTH_OK
2022-01-08 17:39:16.839  INFO 1261 --- [http-nio-8081-exec-1] com.baidu.aip.client.BaseClient          : get access_token success. current state: STATE_AIP_AUTH_OK
2022-01-08 18:08:27.140  INFO 1261 --- [SpringContextShutdownHook] o.s.s.concurrent.ThreadPoolTaskExecutor  : Shutting down ExecutorService 'applicationTaskExecutor'
2022-01-08 18:08:27.151  INFO 1261 --- [SpringContextShutdownHook] com.zaxxer.hikari.HikariDataSource       : HikariPool-1 - Shutdown initiated...
2022-01-08 18:08:27.157  INFO 1261 --- [SpringContextShutdownHook] com.zaxxer.hikari.HikariDataSource       : HikariPool-1 - Shutdown completed.
